// Jest Snapshot v1, https://goo.gl/fbAQLP

exports[`Htpasswd.vue renders like snapshot 1`] = `
<div
  class="grid-container"
>
  <div
    class="grid-x grid-padding-x"
  >
    <div
      class="medium-6 cell"
    >
      <label
        for="username"
      >
        Username
          
        <input
          id="username"
          type="text"
        />
      </label>
    </div>
     
    <div
      class="medium-6 cell"
    >
      <label
        for="password"
      >
        Password
          
        <input
          id="password"
          type="password"
        />
      </label>
    </div>
  </div>
   
  <div
    class="grid-x grid-padding-x"
  >
    <div
      class="medium-6 cell"
    >
      <label
        for="method"
      >
        Method
          
        <select
          id="method"
        >
          <option
            value="bcrypt"
          >
            bcrypt
          </option>
        </select>
      </label>
    </div>
     
    <div
      class="medium-6 cell"
    >
      <label
        for="salt"
      >
        Salt length
          
        <input
          id="salt"
          type="number"
        />
      </label>
    </div>
  </div>
   
  <div
    class="callout"
  >
    <div>
      <code
        style="display: none;"
      >
        
      </code>
    </div>
  </div>
</div>
`;
